[    0.000000] Initializing cgroup subsys cpuset
[    0.000000] Initializing cgroup subsys cpu
[    0.000000] Initializing cgroup subsys cpuacct
[    0.000000] Linux version 4.4.0-92-generic (buildd@lcy01-17) (gcc version 5.4.0 20160609 (Ubuntu 5.4.0-6ubuntu1~16.04.4) ) #115-Ubuntu SMP Thu Aug 10 09:04:33 UTC 2017 (Ubuntu 4.4.0-92.115-generic 4.4.76)
[    0.000000] Command line: BOOT_IMAGE=/boot/vmlinuz-4.4.0-92-generic root=LABEL=cloudimg-rootfs ro console=tty1 console=ttyS0
[    0.000000] KERNEL supported cpus:
[    0.000000]   Intel GenuineIntel
[    0.000000]   AMD AuthenticAMD
[    0.000000]   Centaur CentaurHauls
[    0.000000] x86/fpu: xstate_offset[2]:  576, xstate_sizes[2]:  256
[    0.000000] x86/fpu: Supporting XSAVE feature 0x01: 'x87 floating point registers'
[    0.000000] x86/fpu: Supporting XSAVE feature 0x02: 'SSE registers'
[    0.000000] x86/fpu: Supporting XSAVE feature 0x04: 'AVX registers'
[    0.000000] x86/fpu: Enabled xstate features 0x7, context size is 832 bytes, using 'standard' format.
[    0.000000] x86/fpu: Using 'lazy' FPU context switches.
[    0.000000] e820: BIOS-provided physical RAM map:
[    0.000000] BIOS-e820: [mem 0x0000000000000000-0x000000000009fbff] usable
[    0.000000] BIOS-e820: [mem 0x000000000009fc00-0x000000000009ffff] reserved
[    0.000000] BIOS-e820: [mem 0x00000000000f0000-0x00000000000fffff] reserved
[    0.000000] BIOS-e820: [mem 0x0000000000100000-0x000000003ffeffff] usable
[    0.000000] BIOS-e820: [mem 0x000000003fff0000-0x000000003fffffff] ACPI data
[    0.000000] BIOS-e820: [mem 0x00000000fec00000-0x00000000fec00fff] reserved
[    0.000000] BIOS-e820: [mem 0x00000000fee00000-0x00000000fee00fff] reserved
[    0.000000] BIOS-e820: [mem 0x00000000fffc0000-0x00000000ffffffff] reserved
[    0.000000] NX (Execute Disable) protection: active
[    0.000000] SMBIOS 2.5 present.
[    0.000000] Hypervisor detected: KVM
[    0.000000] e820: last_pfn = 0x3fff0 max_arch_pfn = 0x400000000
[    0.000000] MTRR: Disabled
[    0.000000] x86/PAT: MTRRs disabled, skipping PAT initialization too.
[    0.000000] x86/PAT: Configuration [0-7]: WB  WT  UC- UC  WB  WT  UC- UC  
[    0.000000] CPU MTRRs all blank - virtualized system.
[    0.000000] found SMP MP-table at [mem 0x0009fff0-0x0009ffff] mapped at [ffff88000009fff0]
[    0.000000] Scanning 1 areas for low memory corruption
[    0.000000] RAMDISK: [mem 0x36ac8000-0x3755bfff]
[    0.000000] ACPI: Early table checksum verification disabled
[    0.000000] ACPI: RSDP 0x00000000000E0000 000024 (v02 VBOX  )
[    0.000000] ACPI: XSDT 0x000000003FFF0030 00003C (v01 VBOX   VBOXXSDT 00000001 ASL  00000061)
[    0.000000] ACPI: FACP 0x000000003FFF00F0 0000F4 (v04 VBOX   VBOXFACP 00000001 ASL  00000061)
[    0.000000] ACPI: DSDT 0x000000003FFF0470 0021C8 (v02 VBOX   VBOXBIOS 00000002 INTL 20170303)
[    0.000000] ACPI: FACS 0x000000003FFF0200 000040
[    0.000000] ACPI: FACS 0x000000003FFF0200 000040
[    0.000000] ACPI: APIC 0x000000003FFF0240 00005C (v02 VBOX   VBOXAPIC 00000001 ASL  00000061)
[    0.000000] ACPI: SSDT 0x000000003FFF02A0 0001CC (v01 VBOX   VBOXCPUT 00000002 INTL 20170303)
[    0.000000] No NUMA configuration found
[    0.000000] Faking a node at [mem 0x0000000000000000-0x000000003ffeffff]
[    0.000000] NODE_DATA(0) allocated [mem 0x3ffeb000-0x3ffeffff]
[    0.000000] kvm-clock: Using msrs 4b564d01 and 4b564d00
[    0.000000] kvm-clock: cpu 0, msr 0:3ffe3001, primary cpu clock
[    0.000000] kvm-clock: using sched offset of 3170134088 cycles
[    0.000000] clocksource: kvm-clock: mask: 0xffffffffffffffff max_cycles: 0x1cd42e4dffb, max_idle_ns: 881590591483 ns
[    0.000000] Zone ranges:
[    0.000000]   DMA      [mem 0x0000000000001000-0x0000000000ffffff]
[    0.000000]   DMA32    [mem 0x0000000001000000-0x000000003ffeffff]
[    0.000000]   Normal   empty
[    0.000000]   Device   empty
[    0.000000] Movable zone start for each node
[    0.000000] Early memory node ranges
[    0.000000]   node   0: [mem 0x0000000000001000-0x000000000009efff]
[    0.000000]   node   0: [mem 0x0000000000100000-0x000000003ffeffff]
[    0.000000] Initmem setup node 0 [mem 0x0000000000001000-0x000000003ffeffff]
[    0.000000] ACPI: PM-Timer IO Port: 0x4008
[    0.000000] IOAPIC[0]: apic_id 2, version 32, address 0xfec00000, GSI 0-23
[    0.000000] ACPI: INT_SRC_OVR (bus 0 bus_irq 0 global_irq 2 dfl dfl)
[    0.000000] ACPI: INT_SRC_OVR (bus 0 bus_irq 9 global_irq 9 high level)
[    0.000000] Using ACPI (MADT) for SMP configuration information
[    0.000000] smpboot: Allowing 2 CPUs, 0 hotplug CPUs
[    0.000000] PM: Registered nosave memory: [mem 0x00000000-0x00000fff]
[    0.000000] PM: Registered nosave memory: [mem 0x0009f000-0x0009ffff]
[    0.000000] PM: Registered nosave memory: [mem 0x000a0000-0x000effff]
[    0.000000] PM: Registered nosave memory: [mem 0x000f0000-0x000fffff]
[    0.000000] e820: [mem 0x40000000-0xfebfffff] available for PCI devices
[    0.000000] Booting paravirtualized kernel on KVM
[    0.000000] clocksource: refined-jiffies: mask: 0xffffffff max_cycles: 0xffffffff, max_idle_ns: 7645519600211568 ns
[    0.000000] setup_percpu: NR_CPUS:512 nr_cpumask_bits:512 nr_cpu_ids:2 nr_node_ids:1
[    0.000000] PERCPU: Embedded 33 pages/cpu @ffff88003fc00000 s98264 r8192 d28712 u1048576
[    0.000000] PV qspinlock hash table entries: 256 (order: 0, 4096 bytes)
[    0.000000] Built 1 zonelists in Node order, mobility grouping on.  Total pages: 257913
[    0.000000] Policy zone: DMA32
[    0.000000] Kernel command line: BOOT_IMAGE=/boot/vmlinuz-4.4.0-92-generic root=LABEL=cloudimg-rootfs ro console=tty1 console=ttyS0
[    0.000000] PID hash table entries: 4096 (order: 3, 32768 bytes)
[    0.000000] Memory: 1001744K/1048120K available (8474K kernel code, 1294K rwdata, 3984K rodata, 1488K init, 1316K bss, 46376K reserved, 0K cma-reserved)
[    0.000000] SLUB: HWalign=64, Order=0-3, MinObjects=0, CPUs=2, Nodes=1
[    0.000000] Hierarchical RCU implementation.
[    0.000000] 	Build-time adjustment of leaf fanout to 64.
[    0.000000] 	RCU restricting CPUs from NR_CPUS=512 to nr_cpu_ids=2.
[    0.000000] RCU: Adjusting geometry for rcu_fanout_leaf=64, nr_cpu_ids=2
[    0.000000] NR_IRQS:33024 nr_irqs:440 16
[    0.000000] Console: colour VGA+ 80x25
[    0.000000] console [tty1] enabled
[    0.000000] console [ttyS0] enabled
[    0.000000] tsc: Detected 2890.612 MHz processor
[    0.938616] Calibrating delay loop (skipped) preset value.. 5781.22 BogoMIPS (lpj=11562448)
[    0.948135] pid_max: default: 32768 minimum: 301
[    0.949090] ACPI: Core revision 20150930
[    0.954466] ACPI: 2 ACPI AML tables successfully acquired and loaded
[    0.961462] Security Framework initialized
[    0.969620] Yama: becoming mindful.
[    0.979866] AppArmor: AppArmor initialized
[    0.984932] Dentry cache hash table entries: 131072 (order: 8, 1048576 bytes)
[    0.997067] Inode-cache hash table entries: 65536 (order: 7, 524288 bytes)
[    1.002881] Mount-cache hash table entries: 2048 (order: 2, 16384 bytes)
[    1.017613] Mountpoint-cache hash table entries: 2048 (order: 2, 16384 bytes)
[    1.039450] Initializing cgroup subsys io
[    1.048176] Initializing cgroup subsys memory
[    1.053384] Initializing cgroup subsys devices
[    1.064868] Initializing cgroup subsys freezer
[    1.069350] Initializing cgroup subsys net_cls
[    1.075850] Initializing cgroup subsys perf_event
[    1.090714] Initializing cgroup subsys net_prio
[    1.105663] Initializing cgroup subsys hugetlb
[    1.113542] Initializing cgroup subsys pids
[    1.114478] CPU: Physical Processor ID: 0
[    1.115348] CPU: Processor Core ID: 0
[    1.126457] mce: CPU supports 0 MCE banks
[    1.135364] Last level iTLB entries: 4KB 512, 2MB 8, 4MB 8
[    1.147786] Last level dTLB entries: 4KB 512, 2MB 32, 4MB 32, 1GB 0
[    1.150798] Freeing SMP alternatives memory: 32K (ffffffff820b9000 - ffffffff820c1000)
[    1.166666] ftrace: allocating 32131 entries in 126 pages
[    1.226683] smpboot: APIC(0) Converting physical 0 to logical package 0
[    1.248170] smpboot: Max logical packages: 1
[    1.259953] x2apic enabled
[    1.270298] Switched APIC routing to physical x2apic.
[    1.277898] ..TIMER: vector=0x30 apic1=0 pin1=2 apic2=-1 pin2=-1
[    1.388779] smpboot: CPU0: Intel(R) Core(TM) i5-3380M CPU @ 2.90GHz (family: 0x6, model: 0x3a, stepping: 0x9)
[    1.437321] Performance Events: unsupported p6 CPU model 58 no PMU driver, software events only.
[    1.491607] KVM setup paravirtual spinlock
[    1.498398] x86: Booting SMP configuration:
[    1.509459] .... node  #0, CPUs:      #1
[    1.519011] kvm-clock: cpu 1, msr 0:3ffe3041, secondary cpu clock
[    1.528487] mce: CPU supports 0 MCE banks
[    1.549736] x86: Booted up 1 node, 2 CPUs
[    1.554507] smpboot: Total of 2 processors activated (11562.44 BogoMIPS)
[    1.561482] devtmpfs: initialized
[    1.569763] evm: security.selinux
[    1.575889] evm: security.SMACK64
[    1.577761] evm: security.SMACK64EXEC
[    1.584088] evm: security.SMACK64TRANSMUTE
[    1.590776] evm: security.SMACK64MMAP
[    1.596678] evm: security.ima
[    1.597197] evm: security.capability
[    1.616239] clocksource: jiffies: mask: 0xffffffff max_cycles: 0xffffffff, max_idle_ns: 7645041785100000 ns
[    1.626612] futex hash table entries: 512 (order: 3, 32768 bytes)
[    1.639711] pinctrl core: initialized pinctrl subsystem
[    1.646211] RTC time:  4:13:25, date: 08/26/17
[    1.659452] NET: Registered protocol family 16
[    1.677334] cpuidle: using governor ladder
[    1.697377] cpuidle: using governor menu
[    1.703690] PCCT header not found.
[    1.718564] ACPI: bus type PCI registered
[    1.725851] acpiphp: ACPI Hot Plug PCI Controller Driver version: 0.5
[    1.736912] PCI: Using configuration type 1 for base access
[    1.754044] ACPI: Added _OSI(Module Device)
[    1.760273] ACPI: Added _OSI(Processor Device)
[    1.771067] ACPI: Added _OSI(3.0 _SCP Extensions)
[    1.774153] ACPI: Added _OSI(Processor Aggregator Device)
[    1.786995] ACPI: Executed 1 blocks of module-level executable AML code
[    1.810689] ACPI: Interpreter enabled
[    1.824074] ACPI: (supports S0 S5)
[    1.826002] ACPI: Using IOAPIC for interrupt routing
[    1.828125] PCI: Using host bridge windows from ACPI; if necessary, use "pci=nocrs" and report a bug
[    1.874902] ACPI: PCI Root Bridge [PCI0] (domain 0000 [bus 00-ff])
[    1.887783] acpi PNP0A03:00: _OSC: OS supports [ASPM ClockPM Segments MSI]
[    1.897536] acpi PNP0A03:00: _OSC failed (AE_NOT_FOUND); disabling ASPM
[    1.908814] acpi PNP0A03:00: fail to add MMCONFIG information, can't access extended PCI configuration space under this bridge.
[    1.927433] PCI host bridge to bus 0000:00
[    1.937490] pci_bus 0000:00: root bus resource [io  0x0000-0x0cf7 window]
[    1.970818] pci_bus 0000:00: root bus resource [io  0x0d00-0xffff window]
[    1.993405] pci_bus 0000:00: root bus resource [mem 0x000a0000-0x000bffff window]
[    2.012004] pci_bus 0000:00: root bus resource [mem 0x40000000-0xffdfffff window]
[    2.020127] pci_bus 0000:00: root bus resource [bus 00-ff]
[    2.035665] pci 0000:00:01.1: legacy IDE quirk: reg 0x10: [io  0x01f0-0x01f7]
[    2.047687] pci 0000:00:01.1: legacy IDE quirk: reg 0x14: [io  0x03f6]
[    2.060882] pci 0000:00:01.1: legacy IDE quirk: reg 0x18: [io  0x0170-0x0177]
[    2.073283] pci 0000:00:01.1: legacy IDE quirk: reg 0x1c: [io  0x0376]
[    2.101258] pci 0000:00:07.0: quirk: [io  0x4000-0x403f] claimed by PIIX4 ACPI
[    2.124427] pci 0000:00:07.0: quirk: [io  0x4100-0x410f] claimed by PIIX4 SMB
[    2.148375] ACPI: PCI Interrupt Link [LNKA] (IRQs 5 9 10 *11)
[    2.174238] ACPI: PCI Interrupt Link [LNKB] (IRQs 5 9 10 *11)
[    2.185802] ACPI: PCI Interrupt Link [LNKC] (IRQs 5 9 *10 11)
[    2.202344] ACPI: PCI Interrupt Link [LNKD] (IRQs 5 *9 10 11)
[    2.211228] ACPI: Enabled 2 GPEs in block 00 to 07
[    2.217953] vgaarb: setting as boot device: PCI:0000:00:02.0
[    2.258531] vgaarb: device added: PCI:0000:00:02.0,decodes=io+mem,owns=io+mem,locks=none
[    2.297776] vgaarb: loaded
[    2.306903] vgaarb: bridge control possible 0000:00:02.0
[    2.342423] SCSI subsystem initialized
[    2.388120] ACPI: bus type USB registered
[    2.405789] usbcore: registered new interface driver usbfs
[    2.430616] usbcore: registered new interface driver hub
[    2.439937] usbcore: registered new device driver usb
[    2.447054] PCI: Using ACPI for IRQ routing
[    2.462137] NetLabel: Initializing
[    2.470470] NetLabel:  domain hash size = 128
[    2.479056] NetLabel:  protocols = UNLABELED CIPSOv4
[    2.492797] NetLabel:  unlabeled traffic allowed by default
[    2.500521] amd_nb: Cannot enumerate AMD northbridges
[    2.531254] clocksource: Switched to clocksource kvm-clock
[    2.557807] AppArmor: AppArmor Filesystem Enabled
[    2.568297] pnp: PnP ACPI init
[    2.572079] pnp: PnP ACPI: found 3 devices
[    2.586993] clocksource: acpi_pm: mask: 0xffffff max_cycles: 0xffffff, max_idle_ns: 2085701024 ns
[    2.601282] NET: Registered protocol family 2
[    2.602312] TCP established hash table entries: 8192 (order: 4, 65536 bytes)
[    2.605170] TCP bind hash table entries: 8192 (order: 5, 131072 bytes)
[    2.616041] TCP: Hash tables configured (established 8192 bind 8192)
[    2.636455] UDP hash table entries: 512 (order: 2, 16384 bytes)
[    2.642914] UDP-Lite hash table entries: 512 (order: 2, 16384 bytes)
[    2.665982] NET: Registered protocol family 1
[    2.685580] pci 0000:00:00.0: Limiting direct PCI/PCI transfers
[    2.691448] pci 0000:00:01.0: Activating ISA DMA hang workarounds
[    2.707139] Unpacking initramfs...
[    4.500714] Freeing initrd memory: 10832K (ffff880036ac8000 - ffff88003755c000)
[    4.598531] RAPL PMU detected, API unit is 2^-32 Joules, 3 fixed counters 10737418240 ms ovfl timer
[    4.678570] hw unit of domain pp0-core 2^-0 Joules
[    4.788143] hw unit of domain package 2^-0 Joules
[    4.966242] hw unit of domain pp1-gpu 2^-0 Joules
[    4.978162] platform rtc_cmos: registered platform RTC device (no PNP device found)
[    5.038616] Scanning for low memory corruption every 60 seconds
[    5.068528] audit: initializing netlink subsys (disabled)
[    5.108412] audit: type=2000 audit(1503720812.068:1): initialized
[    5.118773] Initialise system trusted keyring
[    5.187956] HugeTLB registered 2 MB page size, pre-allocated 0 pages
[    5.200032] zbud: loaded
[    5.218318] VFS: Disk quotas dquot_6.6.0
[    5.347999] VFS: Dquot-cache hash table entries: 512 (order 0, 4096 bytes)
[    5.500554] squashfs: version 4.0 (2009/01/31) Phillip Lougher
[    5.558259] fuse init (API version 7.23)
[    5.658048] Key type big_key registered
[    5.678222] Allocating IMA MOK and blacklist keyrings.
[    5.689862] Key type asymmetric registered
[    5.738330] Asymmetric key parser 'x509' registered
[    5.832331] Block layer SCSI generic (bsg) driver version 0.4 loaded (major 249)
[    5.957650] io scheduler noop registered
[    5.978372] tsc: Refined TSC clocksource calibration: 2891.262 MHz
[    5.987386] io scheduler deadline registered (default)
[    5.987458] io scheduler cfq registered
[    5.987608] pci_hotplug: PCI Hot Plug PCI Core version: 0.5
[    5.987617] pciehp: PCI Express Hot Plug Controller Driver version: 0.4
[    5.987802] ACPI: AC Adapter [AC] (on-line)
[    5.987882] input: Power Button as /devices/LNXSYSTM:00/LNXPWRBN:00/input/input0
[    5.987885] ACPI: Power Button [PWRF]
[    5.987974] input: Sleep Button as /devices/LNXSYSTM:00/LNXSLPBN:00/input/input1
[    5.987976] ACPI: Sleep Button [SLPF]
[    6.048521] ACPI: Battery Slot [BAT0] (battery present)
[    6.048555] GHES: HEST is not enabled!
[    6.119995] Serial: 8250/16550 driver, 32 ports, IRQ sharing enabled
[    6.144715] 00:02: ttyS0 at I/O 0x3f8 (irq = 4, base_baud = 115200) is a 16550A
[    6.189299] Linux agpgart interface v0.103
[    6.200623] loop: module loaded
[    6.201229] scsi host0: ata_piix
[    6.201324] scsi host1: ata_piix
[    6.201373] ata1: PATA max UDMA/33 cmd 0x1f0 ctl 0x3f6 bmdma 0xd000 irq 14
[    6.201374] ata2: PATA max UDMA/33 cmd 0x170 ctl 0x376 bmdma 0xd008 irq 15
[    6.201482] libphy: Fixed MDIO Bus: probed
[    6.201485] tun: Universal TUN/TAP device driver, 1.6
[    6.201486] tun: (C) 1999-2004 Max Krasnyansky <maxk@qualcomm.com>
[    6.203577] PPP generic driver version 2.4.2
[    6.203715] ehci_hcd: USB 2.0 'Enhanced' Host Controller (EHCI) Driver
[    6.203725] ehci-pci: EHCI PCI platform driver
[    6.203755] ehci-platform: EHCI generic platform driver
[    6.203768] ohci_hcd: USB 1.1 'Open' Host Controller (OHCI) Driver
[    6.203774] ohci-pci: OHCI PCI platform driver
[    6.203788] ohci-platform: OHCI generic platform driver
[    6.203799] uhci_hcd: USB Universal Host Controller Interface driver
[    6.203896] i8042: PNP: PS/2 Controller [PNP0303:PS2K,PNP0f03:PS2M] at 0x60,0x64 irq 1,12
[    6.204509] serio: i8042 KBD port at 0x60,0x64 irq 1
[    6.204519] serio: i8042 AUX port at 0x60,0x64 irq 12
[    6.204709] mousedev: PS/2 mouse device common for all mice
[    6.205122] input: AT Translated Set 2 keyboard as /devices/platform/i8042/serio0/input/input2
[    6.205553] rtc_cmos rtc_cmos: rtc core: registered rtc_cmos as rtc0
[    6.205633] rtc_cmos rtc_cmos: alarms up to one day, 114 bytes nvram
[    6.205645] i2c /dev entries driver
[    6.205748] device-mapper: uevent: version 1.0.3
[    6.205840] device-mapper: ioctl: 4.34.0-ioctl (2015-10-28) initialised: dm-devel@redhat.com
[    6.205864] ledtrig-cpu: registered to indicate activity on CPUs
[    6.206311] NET: Registered protocol family 10
[    6.206636] NET: Registered protocol family 17
[    6.206655] Key type dns_resolver registered
[    6.206975] microcode: CPU0 sig=0x306a9, pf=0x2, revision=0x19
[    6.218448] microcode: CPU1 sig=0x306a9, pf=0x2, revision=0x19
[    6.218666] microcode: Microcode Update Driver: v2.01 <tigran@aivazian.fsnet.co.uk>, Peter Oruba
[    6.218913] registered taskstats version 1
[    6.218931] Loading compiled-in X.509 certificates
[    6.219724] Loaded X.509 cert 'Build time autogenerated kernel key: 01a2b0d0dba8d37a863918580fc16590a7d146c8'
[    6.219777] zswap: loaded using pool lzo/zbud
[    6.221302] Key type trusted registered
[    6.223538] Key type encrypted registered
[    6.223545] AppArmor: AppArmor sha1 policy hashing enabled
[    6.223548] ima: No TPM chip found, activating TPM-bypass!
[    6.223570] evm: HMAC attrs: 0x1
[    6.223828]   Magic number: 13:555:212
[    6.238291] rtc_cmos rtc_cmos: setting system clock to 2017-08-26 04:13:30 UTC (1503720810)
[    6.238442] BIOS EDD facility v0.16 2004-Jun-25, 0 devices found
[    6.238442] EDD information not available.
[   10.853301] clocksource: tsc: mask: 0xffffffffffffffff max_cycles: 0x29ad04a66ad, max_idle_ns: 440795265179 ns
[   10.866187] Freeing unused kernel memory: 1488K (ffffffff81f45000 - ffffffff820b9000)
[   10.878755] Write protecting the kernel read-only data: 14336k
[   10.910532] Freeing unused kernel memory: 1752K (ffff88000184a000 - ffff880001a00000)
[   10.917779] Freeing unused kernel memory: 112K (ffff880001de4000 - ffff880001e00000)
Loading, please wait...
starting version[   10.955964] random: systemd-udevd: uninitialized urandom read (16 bytes read, 4 bits of entropy available)
 229
[   10.957736] random: udevadm: uninitialized urandom read (16 bytes read, 4 bits of entropy available)
[   10.957803] random: udevadm: uninitialized urandom read (16 bytes read, 4 bits of entropy available)
[   10.958010] random: udevadm: uninitialized urandom read (16 bytes read, 4 bits of entropy available)
[   10.958093] random: udevadm: uninitialized urandom read (16 bytes read, 4 bits of entropy available)
[   10.958169] random: udevadm: uninitialized urandom read (16 bytes read, 4 bits of entropy available)
[   10.958240] random: udevadm: uninitialized urandom read (16 bytes read, 4 bits of entropy available)
[   10.958315] random: udevadm: uninitialized urandom read (16 bytes read, 4 bits of entropy available)
[   10.958389] random: udevadm: uninitialized urandom read (16 bytes read, 4 bits of entropy available)
[   10.958464] random: udevadm: uninitialized urandom read (16 bytes read, 4 bits of entropy available)
[   11.130266] Fusion MPT base driver 3.04.20
[   11.288468] Copyright (c) 1999-2008 LSI Corporation
[   11.341840] e1000: Intel(R) PRO/1000 Network Driver - version 7.3.21-k8-NAPI
[   11.551736] e1000: Copyright (c) 1999-2006 Intel Corporation.
[   11.590901] Fusion MPT SPI Host driver 3.04.20
[   11.733320] AVX version of gcm_enc/dec engaged.
[   11.818079] AES CTR mode by8 optimization enabled
[   11.918040] input: ImExPS/2 Generic Explorer Mouse as /devices/platform/i8042/serio1/input/input4
[   12.080074] e1000 0000:00:03.0 eth0: (PCI:33MHz:32-bit) 02:21:85:d0:49:10
[   12.093756] e1000 0000:00:03.0 eth0: Intel(R) PRO/1000 Network Connection
[   12.467419] e1000 0000:00:08.0 eth1: (PCI:33MHz:32-bit) 08:00:27:03:1b:20
[   12.480436] e1000 0000:00:08.0 eth1: Intel(R) PRO/1000 Network Connection
[   12.484815] e1000 0000:00:03.0 enp0s3: renamed from eth0
[   12.496225] mptbase: ioc0: Initiating bringup
[   12.588183] e1000 0000:00:08.0 enp0s8: renamed from eth1
[   12.639552] ioc0: LSI53C1030 A0: Capabilities={Initiator}
[   12.952986] scsi host2: ioc0: LSI53C1030 A0, FwRev=00000000h, Ports=1, MaxQ=256, IRQ=20
[   13.239662] scsi 2:0:0:0: Direct-Access     VBOX     HARDDISK         1.0  PQ: 0 ANSI: 5
[   13.341485] scsi target2:0:0: Beginning Domain Validation
[   13.418901] scsi target2:0:0: Domain Validation skipping write tests
[   13.458624] scsi target2:0:0: Ending Domain Validation
[   13.479537] scsi target2:0:0: asynchronous
[   13.492627] scsi 2:0:1:0: Direct-Access     VBOX     HARDDISK         1.0  PQ: 0 ANSI: 5
[   13.520393] scsi target2:0:1: Beginning Domain Validation
[   13.525466] scsi target2:0:1: Domain Validation skipping write tests
[   13.578331] scsi target2:0:1: Ending Domain Validation
[   13.624168] scsi target2:0:1: asynchronous
[   13.683348] sd 2:0:0:0: [sda] 20971520 512-byte logical blocks: (10.7 GB/10.0 GiB)
[   13.683360] sd 2:0:0:0: Attached scsi generic sg0 type 0
[   13.711522] sd 2:0:1:0: Attached scsi generic sg1 type 0
[   13.711618] sd 2:0:1:0: [sdb] 20480 512-byte logical blocks: (10.5 MB/10.0 MiB)
[   13.711759] sd 2:0:1:0: [sdb] Write Protect is off
[   13.711793] sd 2:0:0:0: [sda] Write Protect is off
[   13.711860] sd 2:0:1:0: [sdb] Incomplete mode parameter data
[   13.711879] sd 2:0:1:0: [sdb] Assuming drive cache: write through
[   13.711945] sd 2:0:0:0: [sda] Incomplete mode parameter data
[   13.711965] sd 2:0:0:0: [sda] Assuming drive cache: write through
[   13.772869]  sda: sda1
[   13.773674] sd 2:0:1:0: [sdb] Attached SCSI disk
[   13.774397] sd 2:0:0:0: [sda] Attached SCSI disk
[   14.387739] floppy0: no floppy controllers found
[   14.387792] work still pending
Begin: Loading e[   15.993167] md: linear personality registered for level -1
ssential drivers ... [   16.048436] md: multipath personality registered for level -4
[   16.064710] md: raid0 personality registered for level 0
[   16.080111] md: raid1 personality registered for level 1
[   16.163308] raid6: sse2x1   gen()  7146 MB/s
[   16.235320] raid6: sse2x1   xor()  6145 MB/s
[   16.307318] raid6: sse2x2   gen()  8731 MB/s
[   16.387278] raid6: sse2x2   xor()  6278 MB/s
[   16.463304] raid6: sse2x4   gen()  9696 MB/s
[   16.539340] raid6: sse2x4   xor()  7394 MB/s
[   16.548103] raid6: using algorithm sse2x4 gen() 9696 MB/s
[   16.549134] raid6: .... xor() 7394 MB/s, rmw enabled
[   16.551913] raid6: using ssse3x2 recovery algorithm
[   16.563186] xor: automatically using best checksumming function:
[   16.707383]    avx       : 46589.000 MB/sec
[   16.790042] async_tx: api initialized (async)
[   16.819028] md: raid6 personality registered for level 6
[   16.853287] md: raid5 personality registered for level 5
[   16.859426] md: raid4 personality registered for level 4
[   16.878489] md: raid10 personality registered for level 10
done.
Begin: Running /[   16.918319] Btrfs loaded
scripts/init-premount ... done.
Begin: Mounting root file system ... Begin: Running /scripts/local-top ... done.
Begin: Running /scripts/local-premount ... Scanning for Btrfs filesystems
done.
Warning: fsck not present, so skipping root file system
[   17.094744] EXT4-fs (sda1): mounted filesystem with ordered data mode. Opts: (null)
done.
Begin: Running /scripts/local-bottom ... done.
Begin: Running /scripts/init-bottom ... done.
[   17.583903] systemd[1]: systemd 229 running in system mode. (+PAM +AUDIT +SELINUX +IMA +APPARMOR +SMACK +SYSVINIT +UTMP +LIBCRYPTSETUP +GCRYPT +GNUTLS +ACL +XZ -LZ4 +SECCOMP +BLKID +ELFUTILS +KMOD -IDN)
[   17.798423] systemd[1]: Detected virtualization oracle.
[   17.917767] systemd[1]: Detected architecture x86-64.

Welcome to [1mUbuntu 16.04.3 LTS[0m!

[   18.123454] systemd[1]: Set hostname to <ubuntu>.
[   18.173196] systemd[1]: Initializing machine ID from random generator.
[   18.258467] systemd[1]: Installed transient /etc/machine-id file.
[   18.293545] random: nonblocking pool is initialized
[   18.867442] systemd[1]: Reached target User and Group Name Lookups.
[[0;32m  OK  [0m] Reached target User and Group Name Lookups.
[   18.931434] systemd[1]: Listening on Journal Socket.
[[0;32m  OK  [0m] Listening on Journal Socket.
[   18.963662] systemd[1]: Listening on Journal Socket (/dev/log).
[[0;32m  OK  [0m] Listening on Journal Socket (/dev/log).
[   19.023810] systemd[1]: Listening on /dev/initctl Compatibility Named Pipe.
[[0;32m  OK  [0m] Listening on /dev/initctl Compatibility Named Pipe.
[   19.075020] systemd[1]: Listening on udev Control Socket.
[[0;32m  OK  [0m] Listening on udev Control Socket.
[   19.084230] systemd[1]: Listening on Syslog Socket.
[[0;32m  OK  [0m] Listening on Syslog Socket.
[   19.115371] systemd[1]: Listening on Device-mapper event daemon FIFOs.
[[0;32m  OK  [0m] Listening on Device-mapper event daemon FIFOs.
[   19.227660] systemd[1]: Listening on udev Kernel Socket.
[[0;32m  OK  [0m] Listening on udev Kernel Socket.
[   19.261057] systemd[1]: Listening on LVM2 poll daemon socket.
[[0;32m  OK  [0m] Listening on LVM2 poll daemon socket.
[   19.294591] systemd[1]: Set up automount Arbitrary Executable File Formats File System Automount Point.
[[0;32m  OK  [0m] Set up automount Arbitrary Executab...ats File System Automount Point.
[   19.359951] systemd[1]: Created slice User and Session Slice.
[[0;32m  OK  [0m] Created slice User and Session Slice.
[   19.485943] systemd[1]: Listening on LVM2 metadata daemon socket.
[[0;32m  OK  [0m] Listening on LVM2 metadata daemon socket.
[   19.551654] systemd[1]: Started Trigger resolvconf update for networkd DNS.
[[0;32m  OK  [0m] Started Trigger resolvconf update for networkd DNS.
[   19.593415] systemd[1]: Reached target Swap.
[[0;32m  OK  [0m] Reached target Swap.
[   19.719577] systemd[1]: Reached target Encrypted Volumes.
[[0;32m  OK  [0m] Reached target Encrypted Volumes.
[   19.750638] systemd[1]: Listening on Journal Audit Socket.
[[0;32m  OK  [0m] Listening on Journal Audit Socket.
[   19.771769] systemd[1]: Created slice System Slice.
[[0;32m  OK  [0m] Created slice System Slice.
[   19.939665] systemd[1]: Starting Load Kernel Modules...
[   19.963034] Loading iSCSI transport class v2.0-870.
         Starting Load Kernel Modules...
[   19.974374] systemd[1]: Starting Monitoring of LVM2 mirrors, snapshots etc. using dmeventd or progress polling...
         Starting Monitoring of LVM2 mirrors... [   20.033272] iscsi: registered transport (tcp)
dmeventd or progress polling...
[   20.107619] systemd[1]: Starting Journal Service...
         Starting Journal Service...
[   20.225841] systemd[1]: Mounting Debug File System...
         Mounting Debug File System...
[   20.252788] systemd[1]: Starting Nameserver information manager...
         Starting Nameserver information manager...
[   20.315488] iscsi: registered transport (iser)
[   20.352147] systemd[1]: Starting Set console keymap...
         Starting Set console keymap...
[   20.373944] systemd[1]: Mounting POSIX Message Queue File System...
         Mounting POSIX Message Queue File System...
[   20.419627] systemd[1]: Starting Uncomplicated firewall...
         Starting Uncomplicated firewall...
[   20.454101] systemd[1]: Reached target Slices.
[[0;32m  OK  [0m] Reached target Slices.
[   20.499548] systemd[1]: Starting Remount Root and Kernel File Systems...
         Starting Remount[   20.515214] EXT4-fs (sda1): re-mounted. Opts: (null)
 Root and Kernel File Systems...
[   20.537971] systemd[1]: Starting Create list of required static device nodes for the current kernel...
         Starting Create list of required st... nodes for the current kernel...
[   20.663581] systemd[1]: Mounting Huge Pages File System...
         Mounting Huge Pages File System...
[   20.743919] systemd[1]: Created slice system-serial\x2dgetty.slice.
[[0;32m  OK  [0m] Created slice system-serial\x2dgetty.slice.
[   20.782874] systemd[1]: Started Forward Password Requests to Wall Directory Watch.
[[0;32m  OK  [0m] Started Forward Password Requests to Wall Directory Watch.
[   20.848363] systemd[1]: Mounted Debug File System.
[[0;32m  OK  [0m] Mounted Debug File System.
[   20.882982] systemd[1]: Mounted POSIX Message Queue File System.
[[0;32m  OK  [0m] Mounted POSIX Message Queue File System.
[   20.887343] systemd[1]: Mounted Huge Pages File System.
[[0;32m  OK  [0m] Mounted Huge Pages File System.
[   20.967729] systemd[1]: Started Journal Service.
[[0;32m  OK  [0m] Started Journal Service.
[[0;32m  OK  [0m] Started Load Kernel Modules.
[[0;32m  OK  [0m] Started Set console keymap.
[[0;32m  OK  [0m] Started Uncomplicated firewall.
[[0;32m  OK  [0m] Started Remount Root and Kernel File Systems.
[[0;32m  OK  [0m] Started Create list of required sta...ce nodes for the current kernel.
[[0;32m  OK  [0m] Started Nameserver information manager.
[[0;32m  OK  [0m] Started LVM2 metadata daemon.
         Starting Create Static Device Nodes in /dev...
         Starting Initial cloud-init job (pre-networking)...
         Starting udev Coldplug all Devices...
         Starting Load/Save Random Seed...
         Starting Apply Kernel Variables...
         Mounting FUSE Control File System...
         Starting Flush Journal to Persistent Storage...
[[0;32m  OK  [0m] Mounted FUSE Control File System.
[[0;32m  OK  [0m] Started Load/Save Random Seed.
[   21.476693] systemd-journald[380]: Received request to flush runtime journal from PID 1
[[0;32m  OK  [0m] Started Create Static Device Nodes in /dev.
[[0;32m  OK  [0m] Started Apply Kernel Variables.
[[0;32m  OK  [0m] Started Flush Journal to Persistent Storage.
         Starting udev Kernel Device Manager...
[[0;32m  OK  [0m] Started udev Coldplug all Devices.
[[0;32m  OK  [0m] Started Monitoring of LVM2 mirrors,...ng dmeventd or progress polling.
[[0;32m  OK  [0m] Started udev Kernel Device Manager.
[[0;32m  OK  [0m] Reached target Local File Systems (Pre).
[[0;32m  OK  [0m] Reached target Local File Systems.
         Starting LSB: AppArmor initialization...
         Starting Set console font and keymap...
         Starting Create Volatile Files and Directories...
         Starting Tell Plymouth To Write Out Runtime Data...
         Starting Commit a transient machine-id on disk...
[[0;32m  OK  [0m] Started Dispatch Password Requests to Console Directory Watch.
[[0;32m  OK  [0m] Started Create Volatile Files and Directories.
[[0;32m  OK  [0m] Started Tell Plymouth To Write Out Runtime Data.
[[0;32m  OK  [0m] Started Commit a transient machine-id on disk.
[[0;32m  OK  [0m] Found device /dev/ttyS0.
[[0;32m  OK  [0m] Reached target System Time Synchronized.
         Starting Update UTMP about System Boot/Shutdown...
[[0;32m  OK  [0m] Started Update UTMP about System Boot/Shutdown.
[[0;32m  OK  [0m] Started Set console font and keymap.
[[0;32m  OK  [0m] Created slice system-getty.slice.
[[0;32m  OK  [0m] Listening on Load/Save RF Kill Switch Status /dev/rfkill Watch.
[[0;32m  OK  [0m] Started LSB: AppArmor initialization.
[   23.546572] cloud-init[445]: Cloud-init v. 0.7.9 running 'init-local' at Sat, 26 Aug 2017 04:13:49 +0000. Up 23.01 seconds.
[[0;32m  OK  [0m] Started Initial cloud-init job (pre-networking).
[[0;32m  OK  [0m] Reached target Network (Pre).
         Starting Raise network interfaces...
[[0;32m  OK  [0m] Started Raise network interfaces.
[[0;32m  OK  [0m] Reached target Network.
         Starting Initial cloud-init job (metadata service crawler)...
[   25.715458] cloud-init[950]: Cloud-init v. 0.7.9 running 'init' at Sat, 26 Aug 2017 04:13:50 +0000. Up 24.38 seconds.
[   25.763168] cloud-init[950]: ci-info: ++++++++++++++++++++++++++++++++++++++Net device info++++++++++++++++++++++++++++++++++++++
[   25.796480] cloud-init[950]: ci-info: +--------+-------+----------------------------+---------------+-------+-------------------+
[   25.796705] cloud-init[950]: ci-info: | Device |   Up  |          Address           |      Mask     | Scope |     Hw-Address    |
[[0;32m  OK  [0m] Started Initial cloud-init job (metadata service crawler).
[   25.796821] cloud-init[950]: ci-info: +--------+-------+----------------------------+---------------+-------+-------------------+
[   25.868730] cloud-init[[950]: [0;32m  OK  [0mci-info: | enp0s3 |  True |         10.0.2.15          | 255.255.255.0 |   .   | 02:21:85:d0:49:10 |] 
Reached target Cloud-config availability.
[   25.896857] cloud-init[950]: ci-info: | enp0s3 |  True | fe80::21:85ff:fed0:4910/64 |       .       |  link | 02:21:85:d0:49:10 |
[   25.897119] cloud-init[950]: ci-info: |   lo   |  True |         127.0.0.1          |   255.0.0.0   |   .   |         .         |
[[0;32m  OK  [0m] Reached target System Initialization.
[   25.897274] cloud-init[950]: ci-info: |   lo   |  True |          ::1/128           |       .       |  host |         .         |
[   25.920965] cloud-init[950]: ci-info: | enp0s8 | False |             .              |       .       |   .   | 08:00:27:03:1b:20 |
[[0;32m  OK  [0m] Started Daily Cleanup of Temporary Directories.
[   25.921051] cloud-init[950]: ci-info: +--------+-------+----------------------------+---------------+-------+-------------------+
[   26.056373] cloud-init[950]: ci-info: +++++++++++++++++++++++++++Route IPv4 info++++++++++++++++++++++++++++
[   26.056596] cloud-init[950]: ci-info: +-------+-------------+----------+---------------+-----------+-------+
[[0;32m  OK  [0m] Started Timer to automatically refresh installed snaps.
[[0;32m  OK  [0m] Listening on ACPID Listen Socket.
[   26.056653] cloud-init[950]: ci-info: | Route | Destination | Gateway  |    Genmask    | Interface | Flags |
[   26.116760] cloud-init[950]: ci-info: +-------+-------------+----------+---------------+-----------+-------+
[   26.117159] cloud-init[950]: ci-info: |   0   |   0.0.0.0   | 10.0.2.2 |    0.0.0.0    |   enp0s3  |   UG  |
[[0;32m  OK  [0m] Started ACPI Events Check.
[[   26.117238] cloud-init[950]: ci-info: |   1   |   10.0.2.0  | 0.0.0.0  | 255.255.255.0 |   enp0s3  |   U   |
[0;32m  OK  [0m] Reached target Paths.
[   26.178271] cloud-init[950]: ci-info: +-------+-------------+----------+---------------+-----------+-------+
[   26.341174] cloud-init[950]: Generating public/private rsa key pair.
[   26.341506] cloud-init[950]: Your identification has been saved in /etc/ssh/ssh_host_rsa_key.
         Starting LXD - unix socket.
[   26.341600] cloud-init[950]: Your public key has been saved in /etc/ssh/ssh_host_rsa_key.pub.
[   26.442219] cloud-init[950]: The key fingerprint is:
[   26.442412] cloud-init[950]: SHA256:/R8hJ5WpsBN7jy7kA1NfQYR6dKPhCeUOOn0mgXOvbUY root@ubuntu-xenial
         Starting Socket activation for snappy daemon.
[[   26.442486] cloud-init[950]: The key's randomart image is:
[   26.526976] cloud-init[950]: +---[RSA 2048]----+
[   26.527065] cloud-init[950]: |           ..+o  |
[   26.527228] cloud-init[950]: |         ...+ +o |
[0;32m  OK  [0m] Listening on D-Bus System Message Bus Socket.
[[0;32m  OK  [0m] Listening on UUID daemon activation socket.
[[0;32m  OK  [0m] Reached target Network is Online.
[[0;32m  OK  [0m] Started Daily apt download activities.
[[   26.527373] cloud-init[950]: |        o *=.=+o |
[   26.665131] cloud-init[950]: |         *oX=o.  |
[   26.665383] cloud-init[950]: |        S.BoE.o  |
[   26.665706] cloud-init[950]: |        o..@.* . |
[   26.666113] cloud-init[950]: |         =. * o  |
[0;32m  OK  [0m] Started Daily apt upgrade and clean activities.
[[   26.666207] cloud-init[950]: |          ++ . . |
[   26.678229] cloud-init[950]: |           o. .  |
[   26.678460] cloud-init[950]: +----[SHA256]-----+
[   26.678766] cloud-init[950]: Generating public/private dsa key pair.
[   26.679070] cloud-init[950]: Your identification has been saved in /etc/ssh/ssh_host_dsa_key.
[   26.679375] cloud-init[950]: Your public key has been saved in /etc/ssh/ssh_host_dsa_key.pub.
[   26.679682] cloud-init[950]: The key fingerprint is:
[0;32m  OK  [0m] Reached target Timers.
[   26.679986] cloud-init[950]: SHA256:sJ1ZcpGjXAMHum9mdIpr3ESamwX4/XzcQnm/8Jw7XxQ root@ubuntu-xenial
[   26.860982] cloud-init[950]: The key's randomart image is:
[   26.861375] cloud-init[950]: +---[DSA 1024]----+
         Starting iSCSI initiator daemon (iscsid)...
[   26.861557] cloud-init[950]: |        ooo.     |
[   26.885553] cloud-init[950]: |       . .=.     |
[   26.908706] cloud-init[950]: |     .o..ooo   E |
[   26.908974] cloud-init[950]: |    . .=+*      .|
[[0;32m  OK  [0m] Listening on LXD - unix socket.
[[0;32m  OK  [0m] Listening on Socket activation for snappy daemon.
[   26.909120] cloud-init[950]: |     .o*S .  .  .|
[   27.064401] cloud-init[950]: |      +++o  o .. |
[   27.064647] cloud-init[950]: |     ..**o o + ..|
[[0;32m  OK  [0m] Reached target Sockets.
[[0;32m  OK  [0m] Reached target Basic System.
[   27.064791] cloud-init[950]: |      ==. o + =.+|
[   27.128376] cloud-init[950]: |     ..    . . **|
[   27.128549] cloud-init[950]: +----[SHA256]-----+
[[0;32m  OK  [0m] Started FUSE filesystem for LXC.
[   27.128694] cloud-init[950]: Generating public/private ecdsa key pair.
[   27.244383] cloud-init[950]: Your identification has been saved in /etc/ssh/ssh_host_ecdsa_key.
[[0;32m  OK  [0m] Started D-Bus System Message Bus.
[   27.244724] cloud-init[950]: Your public key has been saved in /etc/ssh/ssh_host_ecdsa_key.pub.
[   27.372532] cloud-init[950]: The key fingerprint is:
[   27.372768] cloud-init[950]: SHA256:CqI1BpA0h2P3zY/44FfiIHp5/0G265HiclnZUJXACcc root@ubuntu-xenial
         Starting Apply the settings specified in cloud-config...
[   27.372938] cloud-init[950]: The key's randomart image is:
[   27.463056] cloud-init[950]: +---[ECDSA 256]---+
[   27.463351] cloud-init[950]: |o+..     .+o+..  |
         Starting /etc/rc.local Compatibility...
[   27.463489] cloud-init[950]: |o+o.      .E .   |
[   27.530769] cloud-init[950]: |o o . o   .      |
[[0;32m  OK  [0m] Started Regular background program processing daemon.
[   27.578885] cloud-init[950]: | .   . o .       |
[   27.652019] cloud-init[950]: |  = . . So+      |
[[0;32m  OK  [0m] Started ACPI event daemon.
[   27.686554] cloud-init[950]: | + + = +o=o.     |
         Starting System Logging Service...
[   27.803777] cloud-init[950]: |. . + *.==       |
[   27.807528] cloud-init[950]: | . o +.*. +      |
[   27.809778] cloud-init[950]: |  . . =oo+       |
[   27.901221] cloud-init[950]: +----[SHA256]-----+
         Starting Pollinate to seed the pseudo random number generator...
[   27.995765] cloud-init[950]: Generating public/private ed25519 key pair.
[   28.050547] cloud-init[950]: Your identification has been saved in /etc/ssh/ssh_host_ed25519_key.
[   28.058594] cloud-init         Starting LSB: Record successful boot for GRUB...
[950]: Your public key has been saved in /etc/ssh/ssh_host_ed25519_key.pub.
         Starting Login Service...
[   28.137488] cloud-init[950]: The key fingerprint is:
         Starting LSB: MD monitoring daemon...
[   28.188201] cloud-init[950]: SHA256:EPhqVkn+oSI042zb47fltQ3i9J8NCXhJ5EHZLYg0RMM root@ubuntu-xenial
[   28.195489] cloud-init[950]: The key's randomart image is:
[   28.224477] [cloud-init[0;32m  OK  [0m[950]: ] +--[ED25519 256]--+Started Deferred execution scheduler.

[   28.229240] cloud-init[950]: |     ..=*o++ .   |
         Starting LXD - container startup/shutdown...
[[0;32m  OK  [0m] Started Unattended Upgrades Shutdown.
[   28.271487] cloud-init[950]: |    . ..E=o.o .  |
[   28.348455]          cloud-initStarting Accounts Service...[950]: 
|     +..  o  .   |
[   28.400127] cloud-init[950]: |  +   =..o .     |
[[0;32m  OK  [0m] Started Snappy daemon.
[   28.400471] cloud-init[950]: | + o o oS.+      |
[   28.413303] cloud-init[950]: |  = = . .. . .   |
         Starting Auto import assertions from block devices...
[   28.435128] cloud-init[950]: | . * .  + o o    |
[[0;32m  OK  [0m] Started System Logging Service.
[   28.496872] cloud-init[950]: |  . o .= + + +   |
[[0;32m  OK  [0m] Started iSCSI initiator daemon (iscsid).
[   28.559542] cloud-init[950]: |   ..o..o o.+ .  |
[[0;32m  OK  [0m] Started /etc/rc.local Compatibility.
[   28.693294] cloud-init[950]: +----[SHA256]-----+
[[0;32m  OK  [0m] Started Auto import assertions from block devices.
[   28.757456] cloud-init[1054]: Generating locales (this might take a while)...
         Starting Login to default iSCSI targets...
[[0;32m  OK  [0m] Started Login Service.
[[0;32m  OK  [0m] Started LSB: Record successful boot for GRUB.
[[0;32m  OK  [0m] Started LSB: MD monitoring daemon.
[[0;32m  OK  [0m] Started Login to default iSCSI targets.
[[0;32m  OK  [0m] Reached target Remote File Systems (Pre).
[[0;32m  OK  [0m] Reached target Remote File Systems.
         Starting LSB: VirtualBox Linux Additions...
         Starting LSB: Set the CPU Frequency Scaling governor to "ondemand"...
         Starting LSB: daemon to balance interrupts for SMP systems...
         Starting Permit User Sessions...
         Starting LSB: automatic crash report generation...
[[0;32m  OK  [0m] Started Permit User Sessions.
[[0;32m  OK  [0m] Started LSB: Set the CPU Frequency Scaling governor to "ondemand".
         Starting Authenticate and Authorize Users to Run Privileged Tasks...
         Starting Hold until boot process finishes up...
         Starting Terminate Plymouth Boot Screen...
[[0;32m  OK  [0m] Started Hold until boot process finishes up.
[[0;32m  OK  [0m] Started LSB: automatic crash report generation.
[[0;32m  OK  [0m] Started LSB: daemon to balance interrupts for SMP systems.
[[0;32m  OK  [0m] Started Terminate Plymouth Boot Screen.
         Starting Set console scheme...
[[0;32m  OK  [0m] Started Getty on tty1.
[[0;32m  OK  [0m] Started Serial Getty on ttyS0.
[[0;32m  OK  [0m] Reached target Login Prompts.
[[0;32m  OK  [0m] Started Set console scheme.
[[0;32m  OK  [0m] Started Authenticate and Authorize Users to Run Privileged Tasks.
[[0;32m  OK  [0m] Started LSB: VirtualBox Linux Additions.
[[0;32m  OK  [0m] Started LXD - container startup/shutdown.
[[0;32m  OK  [0m] Started Accounts Service.
[[0;32m  OK  [0m] Started Pollinate to seed the pseudo random number generator.
[   30.572301] cloud-init[1054]:   en_US.UTF-8... done
         Starting OpenBSD Secure Shell server...
[   30.629680] cloud-init[1054]: Generation complete.
[[0;32m  OK  [0m] Started OpenBSD Secure Shell server.
[[0;32m  OK  [0m] Reached target Multi-User System.
[[0;32m  OK  [0m] Reached target Graphical Interface.
         Starting Update UTMP about System Runlevel Changes...
[[0;32m  OK  [0m] Started Update UTMP about System Runlevel Changes.
         Stopping OpenBSD Secure Shell server...
[[0;32m  OK  [0m] Stopped OpenBSD Secure Shell server.
         Starting OpenBSD Secure Shell server...
[[0;32m  OK  [0m] Started OpenBSD Secure Shell server.
[[0;32m  OK  [0m] Created slice User Slice of ubuntu.
         Starting User Manager for UID 1000...
[[0;32m  OK  [0m] Started Session 1 of user ubuntu.
[[0;32m  OK  [0m] Started User Manager for UID 1000.
[   32.485875] cloud-init[1054]: Cloud-init v. 0.7.9 running 'modules:config' at Sat, 26 Aug 2017 04:13:54 +0000. Up 27.88 seconds.
[[0;32m  OK  [0m] Started Apply the settings specified in cloud-config.
         Starting Execute cloud user/final scripts...
ci-info: no authorized ssh keys fingerprints found for user ubuntu.
<14>Aug 26 04:13:59 ec2: 
<14>Aug 26 04:13:59 ec2: #############################################################
<14>Aug 26 04:13:59 ec2: -----BEGIN SSH HOST KEY FINGERPRINTS-----
<14>Aug 26 04:13:59 ec2: 1024 SHA256:sJ1ZcpGjXAMHum9mdIpr3ESamwX4/XzcQnm/8Jw7XxQ root@ubuntu-xenial (DSA)
<14>Aug 26 04:13:59 ec2: 256 SHA256:CqI1BpA0h2P3zY/44FfiIHp5/0G265HiclnZUJXACcc root@ubuntu-xenial (ECDSA)
<14>Aug 26 04:13:59 ec2: 256 SHA256:EPhqVkn+oSI042zb47fltQ3i9J8NCXhJ5EHZLYg0RMM root@ubuntu-xenial (ED25519)
<14>Aug 26 04:13:59 ec2: 2048 SHA256:/R8hJ5WpsBN7jy7kA1NfQYR6dKPhCeUOOn0mgXOvbUY root@ubuntu-xenial (RSA)
<14>Aug 26 04:13:59 ec2: -----END SSH HOST KEY FINGERPRINTS-----
<14>Aug 26 04:13:59 ec2: #############################################################
-----BEGIN SSH HOST KEY KEYS-----
ecdsa-sha2-nistp256 AAAAE2VjZHNhLXNoYTItbmlzdHAyNTYAAAAIbmlzdHAyNTYAAABBBBA54p5pp/WDsf1oVmEMBEI0i0m11GMiQGtLjgYu3PrewsRVeTd6nI9M+6pk/K4kLKLt7PZwm52fP1SR2L7+vJs= root@ubuntu-xenial
ssh-ed25519 AAAAC3NzaC1lZDI1NTE5AAAAIK5csbBpPB4R94GqwOJP7U9rm1YmmuIRpSXMB9zKPtue root@ubuntu-xenial
ssh-rsa AAAAB3NzaC1yc2EAAAADAQABAAABAQDJ5EU+w5RhTwLlFC6oRioTss3NI+IXwQ2HlMkK45sHWuERmeGkPEz1hPf6oj/5oVYtW3Gzw+w3ZDg98S8s7i2KyfHJOqB//wbLmue6eT9MoD6nsKhR02YkkQyrVgmQNoEk+uXszUX9xzIhzf3NQSiuFNYDRRwPNh58QC1XeOmEPBfW7ut34Q4KifqBmKqKQGYA2YsxKsvHW9rQvORAxEBhPPuvLCXTc8JEmnienfJot7ByI9mq2gOREeBFkn318EETolGFMQzoV0wi1lMLMV1NnHZEBdhMILfNb5Ld0LxdWBEffxF4T2hz5K4ttnCrl1PxF5dn4fqx5sTalxvnOxTH root@ubuntu-xenial
-----END SSH HOST KEY KEYS-----
[   33.929097] cloud-init[1383]: Cloud-init v. 0.7.9 running 'modules:final' at Sat, 26 Aug 2017 04:13:59 +0000. Up 33.33 seconds.
[   33.937731] cloud-init[1383]: ci-info: no authorized ssh keys fingerprints found for user ubuntu.
[   33.976861] cloud-init[1383]: Cloud-init v. 0.7.9 finished at Sat, 26 Aug 2017 04:14:00 +0000. Datasource DataSourceNoCloud [seed=/dev/sdb][dsmode=net].  Up 33.91 seconds
[[0;32m  OK  [0m] Started Execute cloud user/final scripts.
[[0;32m  OK  [0m] Reached target Cloud-init target.

Ubuntu 16.04.3 LTS ubuntu-xenial ttyS0

ubuntu-xenial login: 